<?xml version="1.0" encoding="utf-8"?>
<html xmlns:html4="http://www.w3.org/TR/html4">
    <head title="@!SDL Trisoft!!@ makes perfect!">SDL is so-o-o good!</head>
    <body title="Body should not contain title | SDL Trisoft">
        <h1>SDL Trisoft will be replaced soon by SDL Trisoft</h1>
    </body>
</html>