<?xml version="1.0" encoding="utf-8"?>
<html xmlns:html4="http://www.w3.org/TR/html4">
    <html4:head title="@!SDL Trisoft!!@ makes perfect!">SDL is so-o-o good!</html4:head>
    <html4:body title="Body should not contain title | SDL Trisoft">
        <html4:h1>SDL Trisoft will be replaced soon by SDL Trisoft</html4:h1>
    </html4:body>
</html>